*****************************************************************
Pin Report - Date: Fri Dec 04 23:07:19 2015 Pinchecksum: NOT-AVAILABLE
Product: Designer
Release: v11.5 SP3
Version: 11.5.3.10
Design Name: MSS_top
Family: SmartFusion2
Die: M2S010
Package: 144 TQ
*****************************************************************

Port               |Pin |Fixed |Function                     |Bank     |I/O Std   |Direction                      |I/O state in Flash*Freeze mode |Resistor Pull                      |I/O available in Flash*Freeze mode |Schmitt Trigger |Odt_Static    |Odt Imp (Ohm)  |Low Power Exit |Input Delay |Slew         |Pre-Emphasis      |Output Drive (mA) |Output Load (pF) |
-------------------|----|------|-----------------------------|---------|----------|-------------------------------|-------------------------------|-----------------------------------|-----------------------------------|----------------|--------------|---------------|---------------|------------|-------------|------------------|------------------|-----------------|
COREI2C_0_0_SCL_IO  129  Yes    DDRIO47PB0                    Bank0     LVCMOS25   Inout                           TRISTATE                        None                                No                                  Off              ---            ---             Off             Off          SLOW          ---                4                  5                 
COREI2C_0_0_SDA_IO  124  Yes    DDRIO44NB0                    Bank0     LVCMOS25   Inout                           TRISTATE                        None                                No                                  Off              ---            ---             Off             Off          SLOW          ---                4                  5                 
DEVRST_N            72   Fixed  DEVRST_N                      ---       
Motor_in[0]         85   Yes    MSIO2PB2/USB_STP_B            Bank2     LVCMOS33   Output                          TRISTATE                        None                                No                                  ---              ---            ---             ---             ---          ---           ---                4                  5                 
Motor_in[1]         83   Yes    MSIO1NB2/USB_DIR_B            Bank2     LVCMOS33   Output                          TRISTATE                        None                                No                                  ---              ---            ---             ---             ---          ---           ---                4                  5                 
Motor_in[2]         82   Yes    MSIO1PB2/USB_XCLK_B           Bank2     LVCMOS33   Output                          TRISTATE                        None                                No                                  ---              ---            ---             ---             ---          ---           ---                4                  5                 
Motor_in[3]         81   Yes    MSIO0NB2/USB_DATA7_B          Bank2     LVCMOS33   Output                          TRISTATE                        None                                No                                  ---              ---            ---             ---             ---          ---           ---                4                  5                 
Motor_in[4]         92   Yes    MSIO5PB2/USB_DATA4_B          Bank2     LVCMOS33   Output                          TRISTATE                        None                                No                                  ---              ---            ---             ---             ---          ---           ---                4                  5                 
Motor_in[5]         91   Yes    MSIO4NB2/USB_DATA3_B          Bank2     LVCMOS33   Output                          TRISTATE                        None                                No                                  ---              ---            ---             ---             ---          ---           ---                4                  5                 
Motor_in[6]         90   Yes    MSIO3NB2/USB_DATA1_B          Bank2     LVCMOS33   Output                          TRISTATE                        None                                No                                  ---              ---            ---             ---             ---          ---           ---                4                  5                 
Motor_in[7]         89   Yes    MSIO4PB2/USB_DATA2_B          Bank2     LVCMOS33   Output                          TRISTATE                        None                                No                                  ---              ---            ---             ---             ---          ---           ---                4                  5                 
Motor_in[8]         66   No     MSIO114PB4                    Bank4     LVCMOS33   Output                          TRISTATE                        None                                No                                  ---              ---            ---             ---             ---          ---           ---                4                  5                 
Motor_in[9]         101  No     MSIO12NB2/SPI_0_SDI/GPIO_5_A  Bank2     LVCMOS33   Output                          TRISTATE                        None                                No                                  ---              ---            ---             ---             ---          ---           ---                4                  5                 
Motor_in[10]        102  No     MSIO13PB2/SPI_0_SDO/GPIO_6_A  Bank2     LVCMOS33   Output                          TRISTATE                        None                                No                                  ---              ---            ---             ---             ---          ---           ---                4                  5                 
Motor_in[11]        67   No     MSIO114NB4                    Bank4     LVCMOS33   Output                          TRISTATE                        None                                No                                  ---              ---            ---             ---             ---          ---           ---                4                  5                 
PWM_0               87   Yes    MSIO2NB2/USB_NXT_B            Bank2     LVCMOS33   Output                          TRISTATE                        None                                No                                  ---              ---            ---             ---             ---          ---           ---                4                  5                 
PWM_1               88   Yes    MSIO3PB2/USB_DATA0_B          Bank2     LVCMOS33   Output                          TRISTATE                        None                                No                                  ---              ---            ---             ---             ---          ---           ---                4                  5                 
PWM_2               93   Yes    MSIO5NB2/USB_DATA5_B          Bank2     LVCMOS33   Output                          TRISTATE                        None                                No                                  ---              ---            ---             ---             ---          ---           ---                4                  5                 
PWM_3               94   Yes    MSIO6PB2/USB_DATA6_B          Bank2     LVCMOS33   Output                          TRISTATE                        None                                No                                  ---              ---            ---             ---             ---          ---           ---                4                  5                 
RX                  52   Yes    MSIO105PB4/CCC_NE0_CLKI0      Bank4     LVCMOS33   Input                           TRISTATE                        None                                No                                  Off              ---            ---             Off             Off          ---           ---                ---                ---               
TX                  53   Yes    MSIO105NB4                    Bank4     LVCMOS33   Output                          TRISTATE                        None                                No                                  ---              ---            ---             ---             ---          ---           ---                4                  5                 
