*****************************************************************
Pin Report - Date: Sun Feb 14 22:35:44 2016 Pinchecksum: NOT-AVAILABLE
Product: Designer
Release: v11.5 SP3
Version: 11.5.3.10
Design Name: mss_top
Family: SmartFusion2
Die: M2S010
Package: 144 TQ
*****************************************************************

Port               |Pin |Fixed |Function                     |Bank     |I/O Std   |Direction                      |I/O state in Flash*Freeze mode |Resistor Pull                      |I/O available in Flash*Freeze mode |Schmitt Trigger |Odt_Static    |Odt Imp (Ohm)  |Low Power Exit |Input Delay |Slew         |Pre-Emphasis      |Output Drive (mA) |Output Load (pF) |
-------------------|----|------|-----------------------------|---------|----------|-------------------------------|-------------------------------|-----------------------------------|-----------------------------------|----------------|--------------|---------------|---------------|------------|-------------|------------------|------------------|-----------------|
COREI2C_0_0_SCL_IO  94   Yes    MSIO6PB2/USB_DATA6_B          Bank2     LVCMOS33   Inout                           TRISTATE                        None                                No                                  Off              ---            ---             Off             Off          ---           ---                4                  5                 
COREI2C_0_0_SDA_IO  91   Yes    MSIO4NB2/USB_DATA3_B          Bank2     LVCMOS33   Inout                           TRISTATE                        None                                No                                  Off              ---            ---             Off             Off          ---           ---                4                  5                 
DEVRST_N            72   Fixed  DEVRST_N                      ---       
pwm_out_1           83   Yes    MSIO1NB2/USB_DIR_B            Bank2     LVCMOS33   Output                          TRISTATE                        None                                No                                  ---              ---            ---             ---             ---          ---           ---                4                  5                 
pwm_out_2           43   Yes    MSIO102PB4                    Bank4     LVCMOS33   Output                          TRISTATE                        None                                No                                  ---              ---            ---             ---             ---          ---           ---                4                  5                 
pwm_out_3           101  Yes    MSIO12NB2/SPI_0_SDI/GPIO_5_A  Bank2     LVCMOS33   Output                          TRISTATE                        None                                No                                  ---              ---            ---             ---             ---          ---           ---                4                  5                 
pwm_out_4           3    Yes    MSIO67NB7                     Bank7     LVCMOS33   Output                          TRISTATE                        None                                No                                  ---              ---            ---             ---             ---          ---           ---                4                  5                 
RX                  1    Yes    MSIO64NB7                     Bank7     LVCMOS33   Input                           TRISTATE                        None                                No                                  Off              ---            ---             Off             Off          ---           ---                ---                ---               
RX2                 47   Yes    MSIO103PB4/PROBE_A            Bank4     LVCMOS33   Input                           TRISTATE                        None                                No                                  Off              ---            ---             Off             Off          ---           ---                ---                ---               
TX                  2    Yes    MSIO64PB7                     Bank7     LVCMOS33   Output                          TRISTATE                        None                                No                                  ---              ---            ---             ---             ---          ---           ---                4                  5                 
TX2                 49   Yes    MSIO104PB4/GB3                Bank4     LVCMOS33   Output                          TRISTATE                        None                                No                                  ---              ---            ---             ---             ---          ---           ---                4                  5                 
