*****************************************************************
Pin Report - Date: Tue Oct 06 22:39:10 2015 Pinchecksum: NOT-AVAILABLE
Product: Designer
Release: v11.5 SP3
Version: 11.5.3.10
Design Name: mss_top
Family: SmartFusion2
Die: M2S010
Package: 144 TQ
*****************************************************************

Port               |Pin |Fixed |Function             |Bank     |I/O Std   |Direction                      |I/O state in Flash*Freeze mode |Resistor Pull                      |I/O available in Flash*Freeze mode |Schmitt Trigger |Odt_Static    |Odt Imp (Ohm)  |Low Power Exit |Input Delay |Slew         |Pre-Emphasis      |Output Drive (mA) |Output Load (pF) |
-------------------|----|------|---------------------|---------|----------|-------------------------------|-------------------------------|-----------------------------------|-----------------------------------|----------------|--------------|---------------|---------------|------------|-------------|------------------|------------------|-----------------|
COREI2C_0_0_SCL_IO  94   Yes    MSIO6PB2/USB_DATA6_B  Bank2     LVCMOS33   Inout                           TRISTATE                        None                                No                                  Off              ---            ---             Off             Off          ---           ---                4                  5                 
COREI2C_0_0_SDA_IO  91   Yes    MSIO4NB2/USB_DATA3_B  Bank2     LVCMOS33   Inout                           TRISTATE                        None                                No                                  Off              ---            ---             Off             Off          ---           ---                4                  5                 
DEVRST_N            72   Fixed  DEVRST_N              ---       
RX                  1    Yes    MSIO64NB7             Bank7     LVCMOS33   Input                           TRISTATE                        None                                No                                  Off              ---            ---             Off             Off          ---           ---                ---                ---               
TX                  2    Yes    MSIO64PB7             Bank7     LVCMOS33   Output                          TRISTATE                        None                                No                                  ---              ---            ---             ---             ---          ---           ---                4                  5                 
